### BTest baseline data generated by btest-diff. Do not edit. Use "btest -U/-u" to update. Requires BTest >= 0.63.
{"type": "event", "topic": "/test", "@data-type": "count", "data": 1}
{"type": "event", "topic": "/test", "@data-type": "count", "data": 2}
{"type": "event", "topic": "/test", "@data-type": "count", "data": 3}
{"type": "event", "topic": "/test", "@data-type": "count", "data": 4}
{"type": "event", "topic": "/test", "@data-type": "count", "data": 5}
{"type": "event", "topic": "/test", "@data-type": "count", "data": 6}
{"type": "event", "topic": "/test", "@data-type": "count", "data": 7}
{"type": "event", "topic": "/test", "@data-type": "count", "data": 8}
{"type": "event", "topic": "/test", "@data-type": "count", "data": 9}
{"type": "event", "topic": "/test", "@data-type": "count", "data": 10}
