### BTest baseline data generated by btest-diff. Do not edit. Use "btest -U/-u" to update. Requires BTest >= 0.63.
{"type": "error", "code": "deserialization_failed", "context": "input #1 contained invalid data -> caf::sec::runtime_error(\"caf::json_reader\", \"begin_field\", \"mandatory field 'ROOT.data' missing\")"}
{
  "code": "deserialization_failed",
  "context": "input #1 contained invalid data",
  "type": "error"
}
